Archive member included to satisfy reference by file (symbol)

c:/st/stm32cubeide_1.7.0/stm32cubeide/plugins/com.st.stm32cube.ide.mcu.externaltools.gnu-tools-for-stm32.9-2020-q2-update.win32_2.0.0.202105311346/tools/bin/../lib/gcc/arm-none-eabi/9.3.1/../../../../arm-none-eabi/lib/thumb/v7-m/nofp\libc_nano.a(lib_a-errno.o)
                              ./Core/Src/syscalls.o (__errno)
c:/st/stm32cubeide_1.7.0/stm32cubeide/plugins/com.st.stm32cube.ide.mcu.externaltools.gnu-tools-for-stm32.9-2020-q2-update.win32_2.0.0.202105311346/tools/bin/../lib/gcc/arm-none-eabi/9.3.1/../../../../arm-none-eabi/lib/thumb/v7-m/nofp\libc_nano.a(lib_a-exit.o)
                              c:/st/stm32cubeide_1.7.0/stm32cubeide/plugins/com.st.stm32cube.ide.mcu.externaltools.gnu-tools-for-stm32.9-2020-q2-update.win32_2.0.0.202105311346/tools/bin/../lib/gcc/arm-none-eabi/9.3.1/../../../../arm-none-eabi/lib/thumb/v7-m/nofp/crt0.o (exit)
c:/st/stm32cubeide_1.7.0/stm32cubeide/plugins/com.st.stm32cube.ide.mcu.externaltools.gnu-tools-for-stm32.9-2020-q2-update.win32_2.0.0.202105311346/tools/bin/../lib/gcc/arm-none-eabi/9.3.1/../../../../arm-none-eabi/lib/thumb/v7-m/nofp\libc_nano.a(lib_a-impure.o)
                              c:/st/stm32cubeide_1.7.0/stm32cubeide/plugins/com.st.stm32cube.ide.mcu.externaltools.gnu-tools-for-stm32.9-2020-q2-update.win32_2.0.0.202105311346/tools/bin/../lib/gcc/arm-none-eabi/9.3.1/../../../../arm-none-eabi/lib/thumb/v7-m/nofp\libc_nano.a(lib_a-exit.o) (_global_impure_ptr)
c:/st/stm32cubeide_1.7.0/stm32cubeide/plugins/com.st.stm32cube.ide.mcu.externaltools.gnu-tools-for-stm32.9-2020-q2-update.win32_2.0.0.202105311346/tools/bin/../lib/gcc/arm-none-eabi/9.3.1/../../../../arm-none-eabi/lib/thumb/v7-m/nofp\libc_nano.a(lib_a-init.o)
                              c:/st/stm32cubeide_1.7.0/stm32cubeide/plugins/com.st.stm32cube.ide.mcu.externaltools.gnu-tools-for-stm32.9-2020-q2-update.win32_2.0.0.202105311346/tools/bin/../lib/gcc/arm-none-eabi/9.3.1/../../../../arm-none-eabi/lib/thumb/v7-m/nofp/crt0.o (__libc_init_array)
c:/st/stm32cubeide_1.7.0/stm32cubeide/plugins/com.st.stm32cube.ide.mcu.externaltools.gnu-tools-for-stm32.9-2020-q2-update.win32_2.0.0.202105311346/tools/bin/../lib/gcc/arm-none-eabi/9.3.1/../../../../arm-none-eabi/lib/thumb/v7-m/nofp\libc_nano.a(lib_a-memset.o)
                              c:/st/stm32cubeide_1.7.0/stm32cubeide/plugins/com.st.stm32cube.ide.mcu.externaltools.gnu-tools-for-stm32.9-2020-q2-update.win32_2.0.0.202105311346/tools/bin/../lib/gcc/arm-none-eabi/9.3.1/../../../../arm-none-eabi/lib/thumb/v7-m/nofp/crt0.o (memset)

Allocating common symbols
Common symbol       size              file

uwTick              0x4               ./Drivers/STM32F1xx_HAL_Driver/Src/stm32f1xx_hal.o
pFlash              0x20              ./Drivers/STM32F1xx_HAL_Driver/Src/stm32f1xx_hal_flash.o
htim2               0x48              ./Core/Src/main.o

Discarded input sections

 .text          0x0000000000000000        0x0 c:/st/stm32cubeide_1.7.0/stm32cubeide/plugins/com.st.stm32cube.ide.mcu.externaltools.gnu-tools-for-stm32.9-2020-q2-update.win32_2.0.0.202105311346/tools/bin/../lib/gcc/arm-none-eabi/9.3.1/thumb/v7-m/nofp/crti.o
 .data          0x0000000000000000        0x0 c:/st/stm32cubeide_1.7.0/stm32cubeide/plugins/com.st.stm32cube.ide.mcu.externaltools.gnu-tools-for-stm32.9-2020-q2-update.win32_2.0.0.202105311346/tools/bin/../lib/gcc/arm-none-eabi/9.3.1/thumb/v7-m/nofp/crti.o
 .bss           0x0000000000000000        0x0 c:/st/stm32cubeide_1.7.0/stm32cubeide/plugins/com.st.stm32cube.ide.mcu.externaltools.gnu-tools-for-stm32.9-2020-q2-update.win32_2.0.0.202105311346/tools/bin/../lib/gcc/arm-none-eabi/9.3.1/thumb/v7-m/nofp/crti.o
 .data          0x0000000000000000        0x4 c:/st/stm32cubeide_1.7.0/stm32cubeide/plugins/com.st.stm32cube.ide.mcu.externaltools.gnu-tools-for-stm32.9-2020-q2-update.win32_2.0.0.202105311346/tools/bin/../lib/gcc/arm-none-eabi/9.3.1/thumb/v7-m/nofp/crtbegin.o
 .text          0x0000000000000000       0x7c c:/st/stm32cubeide_1.7.0/stm32cubeide/plugins/com.st.stm32cube.ide.mcu.externaltools.gnu-tools-for-stm32.9-2020-q2-update.win32_2.0.0.202105311346/tools/bin/../lib/gcc/arm-none-eabi/9.3.1/../../../../arm-none-eabi/lib/thumb/v7-m/nofp/crt0.o
 .data          0x0000000000000000        0x0 c:/st/stm32cubeide_1.7.0/stm32cubeide/plugins/com.st.stm32cube.ide.mcu.externaltools.gnu-tools-for-stm32.9-2020-q2-update.win32_2.0.0.202105311346/tools/bin/../lib/gcc/arm-none-eabi/9.3.1/../../../../arm-none-eabi/lib/thumb/v7-m/nofp/crt0.o
 .bss           0x0000000000000000        0x0 c:/st/stm32cubeide_1.7.0/stm32cubeide/plugins/com.st.stm32cube.ide.mcu.externaltools.gnu-tools-for-stm32.9-2020-q2-update.win32_2.0.0.202105311346/tools/bin/../lib/gcc/arm-none-eabi/9.3.1/../../../../arm-none-eabi/lib/thumb/v7-m/nofp/crt0.o
[...]
Memory Configuration

Name             Origin             Length             Attributes
RAM              0x0000000020000000 0x0000000000002800 xrw
FLASH            0x0000000008000000 0x0000000000008000 xr
*default*        0x0000000000000000 0xffffffffffffffff

Linker script and memory map

LOAD c:/st/stm32cubeide_1.7.0/stm32cubeide/plugins/com.st.stm32cube.ide.mcu.externaltools.gnu-tools-for-stm32.9-2020-q2-update.win32_2.0.0.202105311346/tools/bin/../lib/gcc/arm-none-eabi/9.3.1/thumb/v7-m/nofp/crti.o
LOAD c:/st/stm32cubeide_1.7.0/stm32cubeide/plugins/com.st.stm32cube.ide.mcu.externaltools.gnu-tools-for-stm32.9-2020-q2-update.win32_2.0.0.202105311346/tools/bin/../lib/gcc/arm-none-eabi/9.3.1/thumb/v7-m/nofp/crtbegin.o
LOAD c:/st/stm32cubeide_1.7.0/stm32cubeide/plugins/com.st.stm32cube.ide.mcu.externaltools.gnu-tools-for-stm32.9-2020-q2-update.win32_2.0.0.202105311346/tools/bin/../lib/gcc/arm-none-eabi/9.3.1/../../../../arm-none-eabi/lib/thumb/v7-m/nofp/crt0.o
LOAD ./Core/Src/button.o
LOAD ./Core/Src/fsm_automatic.o
LOAD ./Core/Src/fsm_manual.o
LOAD ./Core/Src/global.o
LOAD ./Core/Src/main.o
LOAD ./Core/Src/software_timer.o
LOAD ./Core/Src/stm32f1xx_hal_msp.o
LOAD ./Core/Src/stm32f1xx_it.o
LOAD ./Core/Src/syscalls.o
LOAD ./Core/Src/sysmem.o
LOAD ./Core/Src/system_stm32f1xx.o
LOAD ./Core/Startup/startup_stm32f103c6ux.o
LOAD ./Drivers/STM32F1xx_HAL_Driver/Src/stm32f1xx_hal.o
LOAD ./Drivers/STM32F1xx_HAL_Driver/Src/stm32f1xx_hal_cortex.o
LOAD ./Drivers/STM32F1xx_HAL_Driver/Src/stm32f1xx_hal_dma.o
LOAD ./Drivers/STM32F1xx_HAL_Driver/Src/stm32f1xx_hal_exti.o
LOAD ./Drivers/STM32F1xx_HAL_Driver/Src/stm32f1xx_hal_flash.o
LOAD ./Drivers/STM32F1xx_HAL_Driver/Src/stm32f1xx_hal_flash_ex.o
LOAD ./Drivers/STM32F1xx_HAL_Driver/Src/stm32f1xx_hal_gpio.o
LOAD ./Drivers/STM32F1xx_HAL_Driver/Src/stm32f1xx_hal_gpio_ex.o
LOAD ./Drivers/STM32F1xx_HAL_Driver/Src/stm32f1xx_hal_pwr.o
LOAD ./Drivers/STM32F1xx_HAL_Driver/Src/stm32f1xx_hal_rcc.o
LOAD ./Drivers/STM32F1xx_HAL_Driver/Src/stm32f1xx_hal_rcc_ex.o
LOAD ./Drivers/STM32F1xx_HAL_Driver/Src/stm32f1xx_hal_tim.o
LOAD ./Drivers/STM32F1xx_HAL_Driver/Src/stm32f1xx_hal_tim_ex.o
START GROUP
LOAD c:/st/stm32cubeide_1.7.0/stm32cubeide/plugins/com.st.stm32cube.ide.mcu.externaltools.gnu-tools-for-stm32.9-2020-q2-update.win32_2.0.0.202105311346/tools/bin/../lib/gcc/arm-none-eabi/9.3.1/../../../../arm-none-eabi/lib/thumb/v7-m/nofp\libc_nano.a
LOAD c:/st/stm32cubeide_1.7.0/stm32cubeide/plugins/com.st.stm32cube.ide.mcu.externaltools.gnu-tools-for-stm32.9-2020-q2-update.win32_2.0.0.202105311346/tools/bin/../lib/gcc/arm-none-eabi/9.3.1/../../../../arm-none-eabi/lib/thumb/v7-m/nofp\libm.a
END GROUP
START GROUP
LOAD c:/st/stm32cubeide_1.7.0/stm32cubeide/plugins/com.st.stm32cube.ide.mcu.externaltools.gnu-tools-for-stm32.9-2020-q2-update.win32_2.0.0.202105311346/tools/bin/../lib/gcc/arm-none-eabi/9.3.1/thumb/v7-m/nofp\libgcc.a
LOAD c:/st/stm32cubeide_1.7.0/stm32cubeide/plugins/com.st.stm32cube.ide.mcu.externaltools.gnu-tools-for-stm32.9-2020-q2-update.win32_2.0.0.202105311346/tools/bin/../lib/gcc/arm-none-eabi/9.3.1/../../../../arm-none-eabi/lib/thumb/v7-m/nofp\libc_nano.a
END GROUP
START GROUP
LOAD c:/st/stm32cubeide_1.7.0/stm32cubeide/plugins/com.st.stm32cube.ide.mcu.externaltools.gnu-tools-for-stm32.9-2020-q2-update.win32_2.0.0.202105311346/tools/bin/../lib/gcc/arm-none-eabi/9.3.1/thumb/v7-m/nofp\libgcc.a
LOAD c:/st/stm32cubeide_1.7.0/stm32cubeide/plugins/com.st.stm32cube.ide.mcu.externaltools.gnu-tools-for-stm32.9-2020-q2-update.win32_2.0.0.202105311346/tools/bin/../lib/gcc/arm-none-eabi/9.3.1/../../../../arm-none-eabi/lib/thumb/v7-m/nofp\libc_nano.a
LOAD c:/st/stm32cubeide_1.7.0/stm32cubeide/plugins/com.st.stm32cube.ide.mcu.externaltools.gnu-tools-for-stm32.9-2020-q2-update.win32_2.0.0.202105311346/tools/bin/../lib/gcc/arm-none-eabi/9.3.1/../../../../arm-none-eabi/lib/thumb/v7-m/nofp\libnosys.a
END GROUP
START GROUP
LOAD c:/st/stm32cubeide_1.7.0/stm32cubeide/plugins/com.st.stm32cube.ide.mcu.externaltools.gnu-tools-for-stm32.9-2020-q2-update.win32_2.0.0.202105311346/tools/bin/../lib/gcc/arm-none-eabi/9.3.1/thumb/v7-m/nofp\libgcc.a
LOAD c:/st/stm32cubeide_1.7.0/stm32cubeide/plugins/com.st.stm32cube.ide.mcu.externaltools.gnu-tools-for-stm32.9-2020-q2-update.win32_2.0.0.202105311346/tools/bin/../lib/gcc/arm-none-eabi/9.3.1/../../../../arm-none-eabi/lib/thumb/v7-m/nofp\libc_nano.a
LOAD c:/st/stm32cubeide_1.7.0/stm32cubeide/plugins/com.st.stm32cube.ide.mcu.externaltools.gnu-tools-for-stm32.9-2020-q2-update.win32_2.0.0.202105311346/tools/bin/../lib/gcc/arm-none-eabi/9.3.1/../../../../arm-none-eabi/lib/thumb/v7-m/nofp\libnosys.a
END GROUP
LOAD c:/st/stm32cubeide_1.7.0/stm32cubeide/plugins/com.st.stm32cube.ide.mcu.externaltools.gnu-tools-for-stm32.9-2020-q2-update.win32_2.0.0.202105311346/tools/bin/../lib/gcc/arm-none-eabi/9.3.1/thumb/v7-m/nofp/crtend.o
LOAD c:/st/stm32cubeide_1.7.0/stm32cubeide/plugins/com.st.stm32cube.ide.mcu.externaltools.gnu-tools-for-stm32.9-2020-q2-update.win32_2.0.0.202105311346/tools/bin/../lib/gcc/arm-none-eabi/9.3.1/thumb/v7-m/nofp/crtn.o
                0x0000000020002800                _estack = (ORIGIN (RAM) + LENGTH (RAM))
                0x0000000000000200                _Min_Heap_Size = 0x200
                0x0000000000000400                _Min_Stack_Size = 0x400

.isr_vector     0x0000000008000000      0x10c
                0x0000000008000000                . = ALIGN (0x4)
 *(.isr_vector)
 .isr_vector    0x0000000008000000      0x10c ./Core/Startup/startup_stm32f103c6ux.o
                0x0000000008000000                g_pfnVectors
                0x000000000800010c                . = ALIGN (0x4)

.text           0x000000000800010c     0x2430
                0x000000000800010c                . = ALIGN (0x4)
 *(.text)
 .text          0x000000000800010c       0x40 c:/st/stm32cubeide_1.7.0/stm32cubeide/plugins/com.st.stm32cube.ide.mcu.externaltools.gnu-tools-for-stm32.9-2020-q2-update.win32_2.0.0.202105311346/tools/bin/../lib/gcc/arm-none-eabi/9.3.1/thumb/v7-m/nofp/crtbegin.o
 *(.text*)
 .text.isButton1Pressed
                0x000000000800014c       0x34 ./Core/Src/button.o
                0x000000000800014c                isButton1Pressed
 .text.subKeyProcess
                0x0000000008000180       0x20 ./Core/Src/button.o
                0x0000000008000180                subKeyProcess
 .text.getKeyInput
                0x00000000080001a0      0x124 ./Core/Src/button.o
                0x00000000080001a0                getKeyInput
 .text.fsm_automatic_run
                0x00000000080002c4      0x2d0 ./Core/Src/fsm_automatic.o
                0x00000000080002c4                fsm_automatic_run
 .text.ledBalance
                0x0000000008000594       0x5c ./Core/Src/fsm_manual.o
                0x0000000008000594                ledBalance
 .text.fsm_manual_run
                0x00000000080005f0      0x1d4 ./Core/Src/fsm_manual.o
                0x00000000080005f0                fsm_manual_run
 .text.display7SEG
                0x00000000080007c4      0x130 ./Core/Src/global.o
                0x00000000080007c4                display7SEG
 .text.update7SEG
                0x00000000080008f4      0x118 ./Core/Src/global.o
                0x00000000080008f4                update7SEG
 .text.updateClockBuffer
                0x0000000008000a0c       0x78 ./Core/Src/global.o
                0x0000000008000a0c                updateClockBuffer
 .text.main     0x0000000008000a84       0x34 ./Core/Src/main.o
                0x0000000008000a84                main
 .text.SystemClock_Config
                0x0000000008000ab8       0x76 ./Core/Src/main.o
                0x0000000008000ab8                SystemClock_Config
 *fill*         0x0000000008000b2e        0x2 
 .text.MX_TIM2_Init
                0x0000000008000b30       0x98 ./Core/Src/main.o
 .text.MX_GPIO_Init
                0x0000000008000bc8       0xe0 ./Core/Src/main.o
 .text.HAL_TIM_PeriodElapsedCallback
                0x0000000008000ca8       0x18 ./Core/Src/main.o
                0x0000000008000ca8                HAL_TIM_PeriodElapsedCallback
 .text.Error_Handler
                0x0000000008000cc0        0xa ./Core/Src/main.o
                0x0000000008000cc0                Error_Handler
 *fill*         0x0000000008000cca        0x2 
 .text.setTimer
                0x0000000008000ccc       0x4c ./Core/Src/software_timer.o
                0x0000000008000ccc                setTimer
 .text.timerRun
                0x0000000008000d18       0x60 ./Core/Src/software_timer.o
                0x0000000008000d18                timerRun
 .text.HAL_MspInit
                0x0000000008000d78       0x64 ./Core/Src/stm32f1xx_hal_msp.o
                0x0000000008000d78                HAL_MspInit
 .text.HAL_TIM_Base_MspInit
                0x0000000008000ddc       0x48 ./Core/Src/stm32f1xx_hal_msp.o
                0x0000000008000ddc                HAL_TIM_Base_MspInit
 .text.NMI_Handler
                0x0000000008000e24        0x6 ./Core/Src/stm32f1xx_it.o
                0x0000000008000e24                NMI_Handler
 .text.HardFault_Handler
                0x0000000008000e2a        0x6 ./Core/Src/stm32f1xx_it.o
                0x0000000008000e2a                HardFault_Handler
 .text.MemManage_Handler
                0x0000000008000e30        0x6 ./Core/Src/stm32f1xx_it.o
                0x0000000008000e30                MemManage_Handler
 .text.BusFault_Handler
                0x0000000008000e36        0x6 ./Core/Src/stm32f1xx_it.o
                0x0000000008000e36                BusFault_Handler
 .text.UsageFault_Handler
                0x0000000008000e3c        0x6 ./Core/Src/stm32f1xx_it.o
                0x0000000008000e3c                UsageFault_Handler
 .text.SVC_Handler
                0x0000000008000e42        0xc ./Core/Src/stm32f1xx_it.o
                0x0000000008000e42                SVC_Handler
 .text.DebugMon_Handler
                0x0000000008000e4e        0xc ./Core/Src/stm32f1xx_it.o
                0x0000000008000e4e                DebugMon_Handler
 .text.PendSV_Handler
                0x0000000008000e5a        0xc ./Core/Src/stm32f1xx_it.o
                0x0000000008000e5a                PendSV_Handler
 .text.SysTick_Handler
                0x0000000008000e66        0xc ./Core/Src/stm32f1xx_it.o
                0x0000000008000e66                SysTick_Handler
 *fill*         0x0000000008000e72        0x2 
 .text.TIM2_IRQHandler
                0x0000000008000e74       0x14 ./Core/Src/stm32f1xx_it.o
                0x0000000008000e74                TIM2_IRQHandler
 .text.SystemInit
                0x0000000008000e88        0xc ./Core/Src/system_stm32f1xx.o
                0x0000000008000e88                SystemInit
 .text.Reset_Handler
                0x0000000008000e94       0x48 ./Core/Startup/startup_stm32f103c6ux.o
                0x0000000008000e94                Reset_Handler
 .text.Default_Handler
                0x0000000008000edc        0x2 ./Core/Startup/startup_stm32f103c6ux.o
                0x0000000008000edc                RTC_Alarm_IRQHandler
                0x0000000008000edc                EXTI2_IRQHandler
                0x0000000008000edc                TIM1_CC_IRQHandler
                0x0000000008000edc                PVD_IRQHandler
                0x0000000008000edc                EXTI3_IRQHandler
                0x0000000008000edc                EXTI0_IRQHandler
                0x0000000008000edc                ADC1_2_IRQHandler
                0x0000000008000edc                SPI1_IRQHandler
                0x0000000008000edc                TAMPER_IRQHandler
                0x0000000008000edc                DMA1_Channel4_IRQHandler
                0x0000000008000edc                RTC_IRQHandler
                0x0000000008000edc                DMA1_Channel7_IRQHandler
                0x0000000008000edc                CAN1_RX1_IRQHandler
                0x0000000008000edc                I2C1_EV_IRQHandler
                0x0000000008000edc                DMA1_Channel6_IRQHandler
                0x0000000008000edc                TIM3_IRQHandler
                0x0000000008000edc                RCC_IRQHandler
                0x0000000008000edc                TIM1_TRG_COM_IRQHandler
                0x0000000008000edc                DMA1_Channel1_IRQHandler
                0x0000000008000edc                Default_Handler
                0x0000000008000edc                EXTI15_10_IRQHandler
                0x0000000008000edc                EXTI9_5_IRQHandler
                0x0000000008000edc                DMA1_Channel5_IRQHandler
                0x0000000008000edc                EXTI4_IRQHandler
                0x0000000008000edc                USB_LP_CAN1_RX0_IRQHandler
                0x0000000008000edc                USB_HP_CAN1_TX_IRQHandler
                0x0000000008000edc                DMA1_Channel3_IRQHandler
                0x0000000008000edc                TIM1_UP_IRQHandler
                0x0000000008000edc                WWDG_IRQHandler
                0x0000000008000edc                TIM1_BRK_IRQHandler
                0x0000000008000edc                EXTI1_IRQHandler
                0x0000000008000edc                USART2_IRQHandler
                0x0000000008000edc                DMA1_Channel2_IRQHandler
                0x0000000008000edc                CAN1_SCE_IRQHandler
                0x0000000008000edc                FLASH_IRQHandler
                0x0000000008000edc                USART1_IRQHandler
                0x0000000008000edc                I2C1_ER_IRQHandler
                0x0000000008000edc                USBWakeUp_IRQHandler
 *fill*         0x0000000008000ede        0x2 
 .text.HAL_Init
                0x0000000008000ee0       0x2c ./Drivers/STM32F1xx_HAL_Driver/Src/stm32f1xx_hal.o
                0x0000000008000ee0                HAL_Init
 .text.HAL_InitTick
                0x0000000008000f0c       0x60 ./Drivers/STM32F1xx_HAL_Driver/Src/stm32f1xx_hal.o
                0x0000000008000f0c                HAL_InitTick
 .text.HAL_IncTick
                0x0000000008000f6c       0x24 ./Drivers/STM32F1xx_HAL_Driver/Src/stm32f1xx_hal.o
                0x0000000008000f6c                HAL_IncTick
 .text.HAL_GetTick
                0x0000000008000f90       0x14 ./Drivers/STM32F1xx_HAL_Driver/Src/stm32f1xx_hal.o
                0x0000000008000f90                HAL_GetTick
 .text.__NVIC_SetPriorityGrouping
                0x0000000008000fa4       0x48 ./Drivers/STM32F1xx_HAL_Driver/Src/stm32f1xx_hal_cortex.o
 .text.__NVIC_GetPriorityGrouping
                0x0000000008000fec       0x1c ./Drivers/STM32F1xx_HAL_Driver/Src/stm32f1xx_hal_cortex.o
 .text.__NVIC_EnableIRQ
                0x0000000008001008       0x38 ./Drivers/STM32F1xx_HAL_Driver/Src/stm32f1xx_hal_cortex.o
 .text.__NVIC_SetPriority
                0x0000000008001040       0x54 ./Drivers/STM32F1xx_HAL_Driver/Src/stm32f1xx_hal_cortex.o
 .text.NVIC_EncodePriority
                0x0000000008001094       0x64 ./Drivers/STM32F1xx_HAL_Driver/Src/stm32f1xx_hal_cortex.o
 .text.SysTick_Config
                0x00000000080010f8       0x44 ./Drivers/STM32F1xx_HAL_Driver/Src/stm32f1xx_hal_cortex.o
 .text.HAL_NVIC_SetPriorityGrouping
                0x000000000800113c       0x16 ./Drivers/STM32F1xx_HAL_Driver/Src/stm32f1xx_hal_cortex.o
                0x000000000800113c                HAL_NVIC_SetPriorityGrouping
 .text.HAL_NVIC_SetPriority
                0x0000000008001152       0x38 ./Drivers/STM32F1xx_HAL_Driver/Src/stm32f1xx_hal_cortex.o
                0x0000000008001152                HAL_NVIC_SetPriority
 .text.HAL_NVIC_EnableIRQ
                0x000000000800118a       0x1c ./Drivers/STM32F1xx_HAL_Driver/Src/stm32f1xx_hal_cortex.o
                0x000000000800118a                HAL_NVIC_EnableIRQ
 .text.HAL_SYSTICK_Config
                0x00000000080011a6       0x18 ./Drivers/STM32F1xx_HAL_Driver/Src/stm32f1xx_hal_cortex.o
                0x00000000080011a6                HAL_SYSTICK_Config
 *fill*         0x00000000080011be        0x2 
 .text.HAL_GPIO_Init
                0x00000000080011c0      0x2f4 ./Drivers/STM32F1xx_HAL_Driver/Src/stm32f1xx_hal_gpio.o
                0x00000000080011c0                HAL_GPIO_Init
 .text.HAL_GPIO_ReadPin
                0x00000000080014b4       0x2e ./Drivers/STM32F1xx_HAL_Driver/Src/stm32f1xx_hal_gpio.o
                0x00000000080014b4                HAL_GPIO_ReadPin
 .text.HAL_GPIO_WritePin
                0x00000000080014e2       0x30 ./Drivers/STM32F1xx_HAL_Driver/Src/stm32f1xx_hal_gpio.o
                0x00000000080014e2                HAL_GPIO_WritePin
 .text.HAL_GPIO_TogglePin
                0x0000000008001512       0x32 ./Drivers/STM32F1xx_HAL_Driver/Src/stm32f1xx_hal_gpio.o
                0x0000000008001512                HAL_GPIO_TogglePin
 .text.HAL_RCC_OscConfig
                0x0000000008001544      0x500 ./Drivers/STM32F1xx_HAL_Driver/Src/stm32f1xx_hal_rcc.o
                0x0000000008001544                HAL_RCC_OscConfig
 .text.HAL_RCC_ClockConfig
                0x0000000008001a44      0x1d4 ./Drivers/STM32F1xx_HAL_Driver/Src/stm32f1xx_hal_rcc.o
                0x0000000008001a44                HAL_RCC_ClockConfig
 .text.HAL_RCC_GetSysClockFreq
                0x0000000008001c18       0xa8 ./Drivers/STM32F1xx_HAL_Driver/Src/stm32f1xx_hal_rcc.o
                0x0000000008001c18                HAL_RCC_GetSysClockFreq
 .text.RCC_Delay
                0x0000000008001cc0       0x3c ./Drivers/STM32F1xx_HAL_Driver/Src/stm32f1xx_hal_rcc.o
 .text.HAL_TIM_Base_Init
                0x0000000008001cfc       0x9e ./Drivers/STM32F1xx_HAL_Driver/Src/stm32f1xx_hal_tim.o
                0x0000000008001cfc                HAL_TIM_Base_Init
 *fill*         0x0000000008001d9a        0x2 
 .text.HAL_TIM_Base_Start_IT
                0x0000000008001d9c       0x98 ./Drivers/STM32F1xx_HAL_Driver/Src/stm32f1xx_hal_tim.o
                0x0000000008001d9c                HAL_TIM_Base_Start_IT
 .text.HAL_TIM_IRQHandler
                0x0000000008001e34      0x210 ./Drivers/STM32F1xx_HAL_Driver/Src/stm32f1xx_hal_tim.o
                0x0000000008001e34                HAL_TIM_IRQHandler
 .text.HAL_TIM_ConfigClockSource
                0x0000000008002044      0x18e ./Drivers/STM32F1xx_HAL_Driver/Src/stm32f1xx_hal_tim.o
                0x0000000008002044                HAL_TIM_ConfigClockSource
 .text.HAL_TIM_OC_DelayElapsedCallback
                0x00000000080021d2       0x12 ./Drivers/STM32F1xx_HAL_Driver/Src/stm32f1xx_hal_tim.o
                0x00000000080021d2                HAL_TIM_OC_DelayElapsedCallback
 .text.HAL_TIM_IC_CaptureCallback
                0x00000000080021e4       0x12 ./Drivers/STM32F1xx_HAL_Driver/Src/stm32f1xx_hal_tim.o
                0x00000000080021e4                HAL_TIM_IC_CaptureCallback
 .text.HAL_TIM_PWM_PulseFinishedCallback
                0x00000000080021f6       0x12 ./Drivers/STM32F1xx_HAL_Driver/Src/stm32f1xx_hal_tim.o
                0x00000000080021f6                HAL_TIM_PWM_PulseFinishedCallback
 .text.HAL_TIM_TriggerCallback
                0x0000000008002208       0x12 ./Drivers/STM32F1xx_HAL_Driver/Src/stm32f1xx_hal_tim.o
                0x0000000008002208                HAL_TIM_TriggerCallback
 *fill*         0x000000000800221a        0x2 
 .text.TIM_Base_SetConfig
                0x000000000800221c       0xb0 ./Drivers/STM32F1xx_HAL_Driver/Src/stm32f1xx_hal_tim.o
                0x000000000800221c                TIM_Base_SetConfig
 .text.TIM_TI1_ConfigInputStage
                0x00000000080022cc       0x5c ./Drivers/STM32F1xx_HAL_Driver/Src/stm32f1xx_hal_tim.o
 .text.TIM_TI2_ConfigInputStage
                0x0000000008002328       0x5e ./Drivers/STM32F1xx_HAL_Driver/Src/stm32f1xx_hal_tim.o
 .text.TIM_ITRx_SetConfig
                0x0000000008002386       0x34 ./Drivers/STM32F1xx_HAL_Driver/Src/stm32f1xx_hal_tim.o
 .text.TIM_ETR_SetConfig
                0x00000000080023ba       0x3e ./Drivers/STM32F1xx_HAL_Driver/Src/stm32f1xx_hal_tim.o
                0x00000000080023ba                TIM_ETR_SetConfig
 .text.HAL_TIMEx_MasterConfigSynchronization
                0x00000000080023f8       0xb0 ./Drivers/STM32F1xx_HAL_Driver/Src/stm32f1xx_hal_tim_ex.o
                0x00000000080023f8                HAL_TIMEx_MasterConfigSynchronization
 .text.HAL_TIMEx_CommutCallback
                0x00000000080024a8       0x12 ./Drivers/STM32F1xx_HAL_Driver/Src/stm32f1xx_hal_tim_ex.o
                0x00000000080024a8                HAL_TIMEx_CommutCallback
 .text.HAL_TIMEx_BreakCallback
                0x00000000080024ba       0x12 ./Drivers/STM32F1xx_HAL_Driver/Src/stm32f1xx_hal_tim_ex.o
                0x00000000080024ba                HAL_TIMEx_BreakCallback
 .text.__libc_init_array
                0x00000000080024cc       0x48 c:/st/stm32cubeide_1.7.0/stm32cubeide/plugins/com.st.stm32cube.ide.mcu.externaltools.gnu-tools-for-stm32.9-2020-q2-update.win32_2.0.0.202105311346/tools/bin/../lib/gcc/arm-none-eabi/9.3.1/../../../../arm-none-eabi/lib/thumb/v7-m/nofp\libc_nano.a(lib_a-init.o)
                0x00000000080024cc                __libc_init_array
 .text.memset   0x0000000008002514       0x10 c:/st/stm32cubeide_1.7.0/stm32cubeide/plugins/com.st.stm32cube.ide.mcu.externaltools.gnu-tools-for-stm32.9-2020-q2-update.win32_2.0.0.202105311346/tools/bin/../lib/gcc/arm-none-eabi/9.3.1/../../../../arm-none-eabi/lib/thumb/v7-m/nofp\libc_nano.a(lib_a-memset.o)
                0x0000000008002514                memset
 *(.glue_7)
 .glue_7        0x0000000008002524        0x0 linker stubs
 *(.glue_7t)
 .glue_7t       0x0000000008002524        0x0 linker stubs
 *(.eh_frame)
 .eh_frame      0x0000000008002524        0x0 c:/st/stm32cubeide_1.7.0/stm32cubeide/plugins/com.st.stm32cube.ide.mcu.externaltools.gnu-tools-for-stm32.9-2020-q2-update.win32_2.0.0.202105311346/tools/bin/../lib/gcc/arm-none-eabi/9.3.1/thumb/v7-m/nofp/crtbegin.o
 *(.init)
 .init          0x0000000008002524        0x4 c:/st/stm32cubeide_1.7.0/stm32cubeide/plugins/com.st.stm32cube.ide.mcu.externaltools.gnu-tools-for-stm32.9-2020-q2-update.win32_2.0.0.202105311346/tools/bin/../lib/gcc/arm-none-eabi/9.3.1/thumb/v7-m/nofp/crti.o
                0x0000000008002524                _init
 .init          0x0000000008002528        0x8 c:/st/stm32cubeide_1.7.0/stm32cubeide/plugins/com.st.stm32cube.ide.mcu.externaltools.gnu-tools-for-stm32.9-2020-q2-update.win32_2.0.0.202105311346/tools/bin/../lib/gcc/arm-none-eabi/9.3.1/thumb/v7-m/nofp/crtn.o
 *(.fini)
 .fini          0x0000000008002530        0x4 c:/st/stm32cubeide_1.7.0/stm32cubeide/plugins/com.st.stm32cube.ide.mcu.externaltools.gnu-tools-for-stm32.9-2020-q2-update.win32_2.0.0.202105311346/tools/bin/../lib/gcc/arm-none-eabi/9.3.1/thumb/v7-m/nofp/crti.o
                0x0000000008002530                _fini
 .fini          0x0000000008002534        0x8 c:/st/stm32cubeide_1.7.0/stm32cubeide/plugins/com.st.stm32cube.ide.mcu.externaltools.gnu-tools-for-stm32.9-2020-q2-update.win32_2.0.0.202105311346/tools/bin/../lib/gcc/arm-none-eabi/9.3.1/thumb/v7-m/nofp/crtn.o
                0x000000000800253c                . = ALIGN (0x4)
                0x000000000800253c                _etext = .

.vfp11_veneer   0x000000000800253c        0x0
 .vfp11_veneer  0x000000000800253c        0x0 linker stubs

.v4_bx          0x000000000800253c        0x0
 .v4_bx         0x000000000800253c        0x0 linker stubs

.iplt           0x000000000800253c        0x0
 .iplt          0x000000000800253c        0x0 c:/st/stm32cubeide_1.7.0/stm32cubeide/plugins/com.st.stm32cube.ide.mcu.externaltools.gnu-tools-for-stm32.9-2020-q2-update.win32_2.0.0.202105311346/tools/bin/../lib/gcc/arm-none-eabi/9.3.1/thumb/v7-m/nofp/crtbegin.o

.rodata         0x000000000800253c       0x24
                0x000000000800253c                . = ALIGN (0x4)
 *(.rodata)
 *(.rodata*)
 .rodata.AHBPrescTable
                0x000000000800253c       0x10 ./Core/Src/system_stm32f1xx.o
                0x000000000800253c                AHBPrescTable
 .rodata.aPLLMULFactorTable.6032
                0x000000000800254c       0x10 ./Drivers/STM32F1xx_HAL_Driver/Src/stm32f1xx_hal_rcc.o
 .rodata.aPredivFactorTable.6033
                0x000000000800255c        0x2 ./Drivers/STM32F1xx_HAL_Driver/Src/stm32f1xx_hal_rcc.o
                0x0000000008002560                . = ALIGN (0x4)
 *fill*         0x000000000800255e        0x2 

.rel.dyn        0x0000000008002560        0x0
 .rel.iplt      0x0000000008002560        0x0 c:/st/stm32cubeide_1.7.0/stm32cubeide/plugins/com.st.stm32cube.ide.mcu.externaltools.gnu-tools-for-stm32.9-2020-q2-update.win32_2.0.0.202105311346/tools/bin/../lib/gcc/arm-none-eabi/9.3.1/thumb/v7-m/nofp/crtbegin.o

.ARM.extab      0x0000000008002560        0x0
                0x0000000008002560                . = ALIGN (0x4)
 *(.ARM.extab* .gnu.linkonce.armextab.*)
                0x0000000008002560                . = ALIGN (0x4)

.ARM            0x0000000008002560        0x0
                0x0000000008002560                . = ALIGN (0x4)
                0x0000000008002560                __exidx_start = .
 *(.ARM.exidx*)
                0x0000000008002560                __exidx_end = .
                0x0000000008002560                . = ALIGN (0x4)

.preinit_array  0x0000000008002560        0x0
                0x0000000008002560                . = ALIGN (0x4)
                0x0000000008002560                PROVIDE (__preinit_array_start = .)
 *(.preinit_array*)
                0x0000000008002560                PROVIDE (__preinit_array_end = .)
                0x0000000008002560                . = ALIGN (0x4)

.init_array     0x0000000008002560        0x4
                0x0000000008002560                . = ALIGN (0x4)
                0x0000000008002560                PROVIDE (__init_array_start = .)
 *(SORT_BY_NAME(.init_array.*))
 *(.init_array*)
 .init_array    0x0000000008002560        0x4 c:/st/stm32cubeide_1.7.0/stm32cubeide/plugins/com.st.stm32cube.ide.mcu.externaltools.gnu-tools-for-stm32.9-2020-q2-update.win32_2.0.0.202105311346/tools/bin/../lib/gcc/arm-none-eabi/9.3.1/thumb/v7-m/nofp/crtbegin.o
                0x0000000008002564                PROVIDE (__init_array_end = .)
                0x0000000008002564                . = ALIGN (0x4)

.fini_array     0x0000000008002564        0x4
                0x0000000008002564                . = ALIGN (0x4)
                [!provide]                        PROVIDE (__fini_array_start = .)
 *(SORT_BY_NAME(.fini_array.*))
 *(.fini_array*)
 .fini_array    0x0000000008002564        0x4 c:/st/stm32cubeide_1.7.0/stm32cubeide/plugins/com.st.stm32cube.ide.mcu.externaltools.gnu-tools-for-stm32.9-2020-q2-update.win32_2.0.0.202105311346/tools/bin/../lib/gcc/arm-none-eabi/9.3.1/thumb/v7-m/nofp/crtbegin.o
                [!provide]                        PROVIDE (__fini_array_end = .)
                0x0000000008002568                . = ALIGN (0x4)
                0x0000000008002568                _sidata = LOADADDR (.data)

.data           0x0000000020000000       0x60 load address 0x0000000008002568
                0x0000000020000000                . = ALIGN (0x4)
                0x0000000020000000                _sdata = .
 *(.data)
 *(.data*)
 .data.KeyReg0  0x0000000020000000        0xc ./Core/Src/button.o
                0x0000000020000000                KeyReg0
 .data.KeyReg1  0x000000002000000c        0xc ./Core/Src/button.o
                0x000000002000000c                KeyReg1
 .data.KeyReg2  0x0000000020000018        0xc ./Core/Src/button.o
                0x0000000020000018                KeyReg2
 .data.KeyReg3  0x0000000020000024        0xc ./Core/Src/button.o
                0x0000000020000024                KeyReg3
 .data.TimeOutForKeyPress
                0x0000000020000030        0xc ./Core/Src/button.o
                0x0000000020000030                TimeOutForKeyPress
 .data.redMod   0x000000002000003c        0x4 ./Core/Src/fsm_manual.o
                0x000000002000003c                redMod
 .data.yellowMod
                0x0000000020000040        0x4 ./Core/Src/fsm_manual.o
                0x0000000020000040                yellowMod
 .data.greenMod
                0x0000000020000044        0x4 ./Core/Src/fsm_manual.o
                0x0000000020000044                greenMod
 .data.red      0x0000000020000048        0x4 ./Core/Src/global.o
                0x0000000020000048                red
 .data.green    0x000000002000004c        0x4 ./Core/Src/global.o
                0x000000002000004c                green
 .data.yellow   0x0000000020000050        0x4 ./Core/Src/global.o
                0x0000000020000050                yellow
 .data.SystemCoreClock
                0x0000000020000054        0x4 ./Core/Src/system_stm32f1xx.o
                0x0000000020000054                SystemCoreClock
 .data.uwTickPrio
                0x0000000020000058        0x4 ./Drivers/STM32F1xx_HAL_Driver/Src/stm32f1xx_hal.o
                0x0000000020000058                uwTickPrio
 .data.uwTickFreq
                0x000000002000005c        0x1 ./Drivers/STM32F1xx_HAL_Driver/Src/stm32f1xx_hal.o
                0x000000002000005c                uwTickFreq
 *(.RamFunc)
 *(.RamFunc*)
                0x0000000020000060                . = ALIGN (0x4)
 *fill*         0x000000002000005d        0x3 
                0x0000000020000060                _edata = .

.igot.plt       0x0000000020000060        0x0 load address 0x00000000080025c8
 .igot.plt      0x0000000020000060        0x0 c:/st/stm32cubeide_1.7.0/stm32cubeide/plugins/com.st.stm32cube.ide.mcu.externaltools.gnu-tools-for-stm32.9-2020-q2-update.win32_2.0.0.202105311346/tools/bin/../lib/gcc/arm-none-eabi/9.3.1/thumb/v7-m/nofp/crtbegin.o
                0x0000000020000060                . = ALIGN (0x4)

.bss            0x0000000020000060       0xe4 load address 0x00000000080025c8
                0x0000000020000060                _sbss = .
                0x0000000020000060                __bss_start__ = _sbss
 *(.bss)
 .bss           0x0000000020000060       0x1c c:/st/stm32cubeide_1.7.0/stm32cubeide/plugins/com.st.stm32cube.ide.mcu.externaltools.gnu-tools-for-stm32.9-2020-q2-update.win32_2.0.0.202105311346/tools/bin/../lib/gcc/arm-none-eabi/9.3.1/thumb/v7-m/nofp/crtbegin.o
 *(.bss*)
 .bss.button_flag
                0x000000002000007c        0xc ./Core/Src/button.o
                0x000000002000007c                button_flag
 .bss.sec1      0x0000000020000088        0x4 ./Core/Src/fsm_automatic.o
                0x0000000020000088                sec1
 .bss.sec2      0x000000002000008c        0x4 ./Core/Src/fsm_automatic.o
                0x000000002000008c                sec2
 .bss.index_led
                0x0000000020000090        0x4 ./Core/Src/fsm_automatic.o
                0x0000000020000090                index_led
 .bss.status    0x0000000020000094        0x4 ./Core/Src/global.o
                0x0000000020000094                status
 .bss.led_buffer
                0x0000000020000098       0x10 ./Core/Src/global.o
                0x0000000020000098                led_buffer
 .bss.timer_counter
                0x00000000200000a8       0x28 ./Core/Src/software_timer.o
                0x00000000200000a8                timer_counter
 .bss.timer_flag
                0x00000000200000d0       0x28 ./Core/Src/software_timer.o
                0x00000000200000d0                timer_flag
 *(COMMON)
 COMMON         0x00000000200000f8       0x48 ./Core/Src/main.o
                0x00000000200000f8                htim2
 COMMON         0x0000000020000140        0x4 ./Drivers/STM32F1xx_HAL_Driver/Src/stm32f1xx_hal.o
                0x0000000020000140                uwTick
                0x0000000020000144                . = ALIGN (0x4)
                0x0000000020000144                _ebss = .
                0x0000000020000144                __bss_end__ = _ebss

._user_heap_stack
                0x0000000020000144      0x604 load address 0x00000000080025c8
                0x0000000020000148                . = ALIGN (0x8)
 *fill*         0x0000000020000144        0x4 
                [!provide]                        PROVIDE (end = .)
                0x0000000020000148                PROVIDE (_end = .)
                0x0000000020000348                . = (. + _Min_Heap_Size)
 *fill*         0x0000000020000148      0x200 
                0x0000000020000748                . = (. + _Min_Stack_Size)
 *fill*         0x0000000020000348      0x400 
                0x0000000020000748                . = ALIGN (0x8)

/DISCARD/
 libc.a(*)
 libm.a(*)
 libgcc.a(*)

.ARM.attributes
                0x0000000000000000       0x29
 *(.ARM.attributes)
 .ARM.attributes
                0x0000000000000000       0x1d c:/st/stm32cubeide_1.7.0/stm32cubeide/plugins/com.st.stm32cube.ide.mcu.externaltools.gnu-tools-for-stm32.9-2020-q2-update.win32_2.0.0.202105311346/tools/bin/../lib/gcc/arm-none-eabi/9.3.1/thumb/v7-m/nofp/crti.o
 .ARM.attributes
                0x000000000000001d       0x2d c:/st/stm32cubeide_1.7.0/stm32cubeide/plugins/com.st.stm32cube.ide.mcu.externaltools.gnu-tools-for-stm32.9-2020-q2-update.win32_2.0.0.202105311346/tools/bin/../lib/gcc/arm-none-eabi/9.3.1/thumb/v7-m/nofp/crtbegin.o
 .ARM.attributes
                0x000000000000004a       0x2d ./Core/Src/button.o
 .ARM.attributes
                0x0000000000000077       0x2d ./Core/Src/fsm_automatic.o
 .ARM.attributes
                0x00000000000000a4       0x2d ./Core/Src/fsm_manual.o
 .ARM.attributes
                0x00000000000000d1       0x2d ./Core/Src/global.o
 .ARM.attributes
                0x00000000000000fe       0x2d ./Core/Src/main.o
 .ARM.attributes
                0x000000000000012b       0x2d ./Core/Src/software_timer.o
 .ARM.attributes
                0x0000000000000158       0x2d ./Core/Src/stm32f1xx_hal_msp.o
 .ARM.attributes
                0x0000000000000185       0x2d ./Core/Src/stm32f1xx_it.o
 .ARM.attributes
                0x00000000000001b2       0x2d ./Core/Src/system_stm32f1xx.o
 .ARM.attributes
                0x00000000000001df       0x21 ./Core/Startup/startup_stm32f103c6ux.o
 .ARM.attributes
                0x0000000000000200       0x2d ./Drivers/STM32F1xx_HAL_Driver/Src/stm32f1xx_hal.o
 .ARM.attributes
                0x000000000000022d       0x2d ./Drivers/STM32F1xx_HAL_Driver/Src/stm32f1xx_hal_cortex.o
 .ARM.attributes
                0x000000000000025a       0x2d ./Drivers/STM32F1xx_HAL_Driver/Src/stm32f1xx_hal_gpio.o
 .ARM.attributes
                0x0000000000000287       0x2d ./Drivers/STM32F1xx_HAL_Driver/Src/stm32f1xx_hal_rcc.o
 .ARM.attributes
                0x00000000000002b4       0x2d ./Drivers/STM32F1xx_HAL_Driver/Src/stm32f1xx_hal_tim.o
 .ARM.attributes
                0x00000000000002e1       0x2d ./Drivers/STM32F1xx_HAL_Driver/Src/stm32f1xx_hal_tim_ex.o
 .ARM.attributes
                0x000000000000030e       0x2d c:/st/stm32cubeide_1.7.0/stm32cubeide/plugins/com.st.stm32cube.ide.mcu.externaltools.gnu-tools-for-stm32.9-2020-q2-update.win32_2.0.0.202105311346/tools/bin/../lib/gcc/arm-none-eabi/9.3.1/../../../../arm-none-eabi/lib/thumb/v7-m/nofp\libc_nano.a(lib_a-init.o)
 .ARM.attributes
                0x000000000000033b       0x2d c:/st/stm32cubeide_1.7.0/stm32cubeide/plugins/com.st.stm32cube.ide.mcu.externaltools.gnu-tools-for-stm32.9-2020-q2-update.win32_2.0.0.202105311346/tools/bin/../lib/gcc/arm-none-eabi/9.3.1/../../../../arm-none-eabi/lib/thumb/v7-m/nofp\libc_nano.a(lib_a-memset.o)
 .ARM.attributes
                0x0000000000000368       0x1d c:/st/stm32cubeide_1.7.0/stm32cubeide/plugins/com.st.stm32cube.ide.mcu.externaltools.gnu-tools-for-stm32.9-2020-q2-update.win32_2.0.0.202105311346/tools/bin/../lib/gcc/arm-none-eabi/9.3.1/thumb/v7-m/nofp/crtn.o
OUTPUT(MCU_Lab3.elf elf32-littlearm)
LOAD linker stubs
LOAD c:/st/stm32cubeide_1.7.0/stm32cubeide/plugins/com.st.stm32cube.ide.mcu.externaltools.gnu-tools-for-stm32.9-2020-q2-update.win32_2.0.0.202105311346/tools/bin/../lib/gcc/arm-none-eabi/9.3.1/../../../../arm-none-eabi/lib/thumb/v7-m/nofp\libc.a
LOAD c:/st/stm32cubeide_1.7.0/stm32cubeide/plugins/com.st.stm32cube.ide.mcu.externaltools.gnu-tools-for-stm32.9-2020-q2-update.win32_2.0.0.202105311346/tools/bin/../lib/gcc/arm-none-eabi/9.3.1/../../../../arm-none-eabi/lib/thumb/v7-m/nofp\libm.a
LOAD c:/st/stm32cubeide_1.7.0/stm32cubeide/plugins/com.st.stm32cube.ide.mcu.externaltools.gnu-tools-for-stm32.9-2020-q2-update.win32_2.0.0.202105311346/tools/bin/../lib/gcc/arm-none-eabi/9.3.1/thumb/v7-m/nofp\libgcc.a

.debug_info     0x0000000000000000     0x91f7
 .debug_info    0x0000000000000000      0x32f ./Core/Src/button.o
 .debug_info    0x000000000000032f      0x2d5 ./Core/Src/fsm_automatic.o
 .debug_info    0x0000000000000604      0x2d0 ./Core/Src/fsm_manual.o
 .debug_info    0x00000000000008d4      0x368 ./Core/Src/global.o
 .debug_info    0x0000000000000c3c      0xc17 ./Core/Src/main.o
 .debug_info    0x0000000000001853       0xd3 ./Core/Src/software_timer.o
 .debug_info    0x0000000000001926      0xa09 ./Core/Src/stm32f1xx_hal_msp.o
 .debug_info    0x000000000000232f      0x7b9 ./Core/Src/stm32f1xx_it.o
 .debug_info    0x0000000000002ae8      0x2be ./Core/Src/system_stm32f1xx.o
 .debug_info    0x0000000000002da6       0x22 ./Core/Startup/startup_stm32f103c6ux.o
 .debug_info    0x0000000000002dc8      0x74c ./Drivers/STM32F1xx_HAL_Driver/Src/stm32f1xx_hal.o
 .debug_info    0x0000000000003514      0xbbe ./Drivers/STM32F1xx_HAL_Driver/Src/stm32f1xx_hal_cortex.o
 .debug_info    0x00000000000040d2      0x701 ./Drivers/STM32F1xx_HAL_Driver/Src/stm32f1xx_hal_gpio.o
 .debug_info    0x00000000000047d3      0x893 ./Drivers/STM32F1xx_HAL_Driver/Src/stm32f1xx_hal_rcc.o
 .debug_info    0x0000000000005066     0x2c12 ./Drivers/STM32F1xx_HAL_Driver/Src/stm32f1xx_hal_tim.o
 .debug_info    0x0000000000007c78     0x157f ./Drivers/STM32F1xx_HAL_Driver/Src/stm32f1xx_hal_tim_ex.o

.debug_abbrev   0x0000000000000000     0x1b40
 .debug_abbrev  0x0000000000000000      0x16e ./Core/Src/button.o
 .debug_abbrev  0x000000000000016e      0x134 ./Core/Src/fsm_automatic.o
 .debug_abbrev  0x00000000000002a2      0x134 ./Core/Src/fsm_manual.o
 .debug_abbrev  0x00000000000003d6      0x190 ./Core/Src/global.o
 .debug_abbrev  0x0000000000000566      0x25b ./Core/Src/main.o
 .debug_abbrev  0x00000000000007c1       0xd3 ./Core/Src/software_timer.o
 .debug_abbrev  0x0000000000000894      0x1b7 ./Core/Src/stm32f1xx_hal_msp.o
 .debug_abbrev  0x0000000000000a4b      0x176 ./Core/Src/stm32f1xx_it.o
 .debug_abbrev  0x0000000000000bc1      0x14e ./Core/Src/system_stm32f1xx.o
 .debug_abbrev  0x0000000000000d0f       0x12 ./Core/Startup/startup_stm32f103c6ux.o
 .debug_abbrev  0x0000000000000d21      0x1ed ./Drivers/STM32F1xx_HAL_Driver/Src/stm32f1xx_hal.o
 .debug_abbrev  0x0000000000000f0e      0x313 ./Drivers/STM32F1xx_HAL_Driver/Src/stm32f1xx_hal_cortex.o
 .debug_abbrev  0x0000000000001221      0x1e8 ./Drivers/STM32F1xx_HAL_Driver/Src/stm32f1xx_hal_gpio.o
 .debug_abbrev  0x0000000000001409      0x273 ./Drivers/STM32F1xx_HAL_Driver/Src/stm32f1xx_hal_rcc.o
 .debug_abbrev  0x000000000000167c      0x25e ./Drivers/STM32F1xx_HAL_Driver/Src/stm32f1xx_hal_tim.o
 .debug_abbrev  0x00000000000018da      0x266 ./Drivers/STM32F1xx_HAL_Driver/Src/stm32f1xx_hal_tim_ex.o

.debug_aranges  0x0000000000000000      0xa00
 .debug_aranges
                0x0000000000000000       0x30 ./Core/Src/button.o
 .debug_aranges
                0x0000000000000030       0x20 ./Core/Src/fsm_automatic.o
 .debug_aranges
                0x0000000000000050       0x28 ./Core/Src/fsm_manual.o
 .debug_aranges
                0x0000000000000078       0x30 ./Core/Src/global.o
 .debug_aranges
                0x00000000000000a8       0x48 ./Core/Src/main.o
 .debug_aranges
                0x00000000000000f0       0x28 ./Core/Src/software_timer.o
 .debug_aranges
                0x0000000000000118       0x30 ./Core/Src/stm32f1xx_hal_msp.o
 .debug_aranges
                0x0000000000000148       0x68 ./Core/Src/stm32f1xx_it.o
 .debug_aranges
                0x00000000000001b0       0x28 ./Core/Src/system_stm32f1xx.o
 .debug_aranges
                0x00000000000001d8       0x28 ./Core/Startup/startup_stm32f103c6ux.o
 .debug_aranges
                0x0000000000000200       0xe0 ./Drivers/STM32F1xx_HAL_Driver/Src/stm32f1xx_hal.o
 .debug_aranges
                0x00000000000002e0      0x100 ./Drivers/STM32F1xx_HAL_Driver/Src/stm32f1xx_hal_cortex.o
 .debug_aranges
                0x00000000000003e0       0x58 ./Drivers/STM32F1xx_HAL_Driver/Src/stm32f1xx_hal_gpio.o
 .debug_aranges
                0x0000000000000438       0x90 ./Drivers/STM32F1xx_HAL_Driver/Src/stm32f1xx_hal_rcc.o
 .debug_aranges
                0x00000000000004c8      0x3d0 ./Drivers/STM32F1xx_HAL_Driver/Src/stm32f1xx_hal_tim.o
 .debug_aranges
                0x0000000000000898      0x168 ./Drivers/STM32F1xx_HAL_Driver/Src/stm32f1xx_hal_tim_ex.o

.debug_ranges   0x0000000000000000      0x908
 .debug_ranges  0x0000000000000000       0x20 ./Core/Src/button.o
 .debug_ranges  0x0000000000000020       0x10 ./Core/Src/fsm_automatic.o
 .debug_ranges  0x0000000000000030       0x18 ./Core/Src/fsm_manual.o
 .debug_ranges  0x0000000000000048       0x20 ./Core/Src/global.o
 .debug_ranges  0x0000000000000068       0x38 ./Core/Src/main.o
 .debug_ranges  0x00000000000000a0       0x18 ./Core/Src/software_timer.o
 .debug_ranges  0x00000000000000b8       0x20 ./Core/Src/stm32f1xx_hal_msp.o
 .debug_ranges  0x00000000000000d8       0x58 ./Core/Src/stm32f1xx_it.o
 .debug_ranges  0x0000000000000130       0x18 ./Core/Src/system_stm32f1xx.o
 .debug_ranges  0x0000000000000148       0x20 ./Core/Startup/startup_stm32f103c6ux.o
 .debug_ranges  0x0000000000000168       0xd0 ./Drivers/STM32F1xx_HAL_Driver/Src/stm32f1xx_hal.o
 .debug_ranges  0x0000000000000238       0xf0 ./Drivers/STM32F1xx_HAL_Driver/Src/stm32f1xx_hal_cortex.o
 .debug_ranges  0x0000000000000328       0x48 ./Drivers/STM32F1xx_HAL_Driver/Src/stm32f1xx_hal_gpio.o
 .debug_ranges  0x0000000000000370       0x80 ./Drivers/STM32F1xx_HAL_Driver/Src/stm32f1xx_hal_rcc.o
 .debug_ranges  0x00000000000003f0      0x3c0 ./Drivers/STM32F1xx_HAL_Driver/Src/stm32f1xx_hal_tim.o
 .debug_ranges  0x00000000000007b0      0x158 ./Drivers/STM32F1xx_HAL_Driver/Src/stm32f1xx_hal_tim_ex.o

.debug_macro    0x0000000000000000    0x16acd
 .debug_macro   0x0000000000000000      0x1b5 ./Core/Src/button.o
 .debug_macro   0x00000000000001b5      0xa9c ./Core/Src/button.o
 .debug_macro   0x0000000000000c51      0x215 ./Core/Src/button.o
 .debug_macro   0x0000000000000e66       0x2e ./Core/Src/button.o
 .debug_macro   0x0000000000000e94       0x22 ./Core/Src/button.o
 .debug_macro   0x0000000000000eb6       0x22 ./Core/Src/button.o
 .debug_macro   0x0000000000000ed8       0x8e ./Core/Src/button.o
 .debug_macro   0x0000000000000f66       0x51 ./Core/Src/button.o
 .debug_macro   0x0000000000000fb7      0x103 ./Core/Src/button.o
 .debug_macro   0x00000000000010ba       0x6a ./Core/Src/button.o
 .debug_macro   0x0000000000001124      0x1df ./Core/Src/button.o
 .debug_macro   0x0000000000001303       0x1c ./Core/Src/button.o
 .debug_macro   0x000000000000131f       0x22 ./Core/Src/button.o
 .debug_macro   0x0000000000001341       0xc3 ./Core/Src/button.o
 .debug_macro   0x0000000000001404      0xd23 ./Core/Src/button.o
 .debug_macro   0x0000000000002127     0xde75 ./Core/Src/button.o
 .debug_macro   0x000000000000ff9c       0x6d ./Core/Src/button.o
 .debug_macro   0x0000000000010009     0x348d ./Core/Src/button.o
 .debug_macro   0x0000000000013496      0x174 ./Core/Src/button.o
 .debug_macro   0x000000000001360a       0x5c ./Core/Src/button.o
 .debug_macro   0x0000000000013666      0x5bc ./Core/Src/button.o
 .debug_macro   0x0000000000013c22      0x1b7 ./Core/Src/button.o
 .debug_macro   0x0000000000013dd9      0x1cb ./Core/Src/button.o
 .debug_macro   0x0000000000013fa4      0x114 ./Core/Src/button.o
 .debug_macro   0x00000000000140b8      0x1b2 ./Core/Src/button.o
 .debug_macro   0x000000000001426a       0x27 ./Core/Src/button.o
 .debug_macro   0x0000000000014291      0x12f ./Core/Src/button.o
 .debug_macro   0x00000000000143c0      0x1bc ./Core/Src/button.o
 .debug_macro   0x000000000001457c       0x34 ./Core/Src/button.o
 .debug_macro   0x00000000000145b0       0x3c ./Core/Src/button.o
 .debug_macro   0x00000000000145ec       0x57 ./Core/Src/button.o
 .debug_macro   0x0000000000014643       0x87 ./Core/Src/button.o
 .debug_macro   0x00000000000146ca      0x183 ./Core/Src/button.o
 .debug_macro   0x000000000001484d      0x140 ./Core/Src/button.o
 .debug_macro   0x000000000001498d      0x8ed ./Core/Src/button.o
 .debug_macro   0x000000000001527a       0x69 ./Core/Src/button.o
 .debug_macro   0x00000000000152e3       0xf4 ./Core/Src/button.o
 .debug_macro   0x00000000000153d7       0x16 ./Core/Src/button.o
 .debug_macro   0x00000000000153ed      0x1d8 ./Core/Src/fsm_automatic.o
 .debug_macro   0x00000000000155c5       0x3a ./Core/Src/fsm_automatic.o
 .debug_macro   0x00000000000155ff      0x1d8 ./Core/Src/fsm_manual.o
 .debug_macro   0x00000000000157d7      0x1ce ./Core/Src/global.o
 .debug_macro   0x00000000000159a5      0x1ee ./Core/Src/main.o
 .debug_macro   0x0000000000015b93       0x21 ./Core/Src/software_timer.o
 .debug_macro   0x0000000000015bb4      0x1a6 ./Core/Src/stm32f1xx_hal_msp.o
 .debug_macro   0x0000000000015d5a      0x1b0 ./Core/Src/stm32f1xx_it.o
 .debug_macro   0x0000000000015f0a      0x197 ./Core/Src/system_stm32f1xx.o
 .debug_macro   0x00000000000160a1      0x1bb ./Drivers/STM32F1xx_HAL_Driver/Src/stm32f1xx_hal.o
 .debug_macro   0x000000000001625c      0x197 ./Drivers/STM32F1xx_HAL_Driver/Src/stm32f1xx_hal_cortex.o
 .debug_macro   0x00000000000163f3      0x202 ./Drivers/STM32F1xx_HAL_Driver/Src/stm32f1xx_hal_gpio.o
 .debug_macro   0x00000000000165f5      0x1a9 ./Drivers/STM32F1xx_HAL_Driver/Src/stm32f1xx_hal_rcc.o
 .debug_macro   0x000000000001679e      0x198 ./Drivers/STM32F1xx_HAL_Driver/Src/stm32f1xx_hal_tim.o
 .debug_macro   0x0000000000016936      0x197 ./Drivers/STM32F1xx_HAL_Driver/Src/stm32f1xx_hal_tim_ex.o

.debug_line     0x0000000000000000     0xb1c8
 .debug_line    0x0000000000000000      0x717 ./Core/Src/button.o
 .debug_line    0x0000000000000717      0x778 ./Core/Src/fsm_automatic.o
 .debug_line    0x0000000000000e8f      0x78c ./Core/Src/fsm_manual.o
 .debug_line    0x000000000000161b      0x79b ./Core/Src/global.o
 .debug_line    0x0000000000001db6      0x7d7 ./Core/Src/main.o
 .debug_line    0x000000000000258d       0xbf ./Core/Src/software_timer.o
 .debug_line    0x000000000000264c      0x6a1 ./Core/Src/stm32f1xx_hal_msp.o
 .debug_line    0x0000000000002ced      0x73f ./Core/Src/stm32f1xx_it.o
 .debug_line    0x000000000000342c      0x6e3 ./Core/Src/system_stm32f1xx.o
 .debug_line    0x0000000000003b0f       0x86 ./Core/Startup/startup_stm32f103c6ux.o
 .debug_line    0x0000000000003b95      0x910 ./Drivers/STM32F1xx_HAL_Driver/Src/stm32f1xx_hal.o
 .debug_line    0x00000000000044a5      0xaf8 ./Drivers/STM32F1xx_HAL_Driver/Src/stm32f1xx_hal_cortex.o
 .debug_line    0x0000000000004f9d      0x993 ./Drivers/STM32F1xx_HAL_Driver/Src/stm32f1xx_hal_gpio.o
 .debug_line    0x0000000000005930      0xd1c ./Drivers/STM32F1xx_HAL_Driver/Src/stm32f1xx_hal_rcc.o
 .debug_line    0x000000000000664c     0x3346 ./Drivers/STM32F1xx_HAL_Driver/Src/stm32f1xx_hal_tim.o
 .debug_line    0x0000000000009992     0x1836 ./Drivers/STM32F1xx_HAL_Driver/Src/stm32f1xx_hal_tim_ex.o

.debug_str      0x0000000000000000    0x822bf
 .debug_str     0x0000000000000000    0x7f7a0 ./Core/Src/button.o
                                      0x7fb1b (size before relaxing)
 .debug_str     0x000000000007f7a0      0x107 ./Core/Src/fsm_automatic.o
                                      0x7fb8e (size before relaxing)
 .debug_str     0x000000000007f8a7       0x60 ./Core/Src/fsm_manual.o
                                      0x7fb9a (size before relaxing)
 .debug_str     0x000000000007f907       0x49 ./Core/Src/global.o
                                      0x7fb99 (size before relaxing)
 .debug_str     0x000000000007f950      0x6df ./Core/Src/main.o
                                      0x8030e (size before relaxing)
 .debug_str     0x000000000008002f       0x4e ./Core/Src/software_timer.o
                                       0x2dd4 (size before relaxing)
 .debug_str     0x000000000008007d      0x2ba ./Core/Src/stm32f1xx_hal_msp.o
                                      0x80214 (size before relaxing)
 .debug_str     0x0000000000080337       0xcd ./Core/Src/stm32f1xx_it.o
                                      0x7ff76 (size before relaxing)
 .debug_str     0x0000000000080404       0x52 ./Core/Src/system_stm32f1xx.o
                                      0x7f6d5 (size before relaxing)
 .debug_str     0x0000000000080456       0x36 ./Core/Startup/startup_stm32f103c6ux.o
                                         0x64 (size before relaxing)
 .debug_str     0x000000000008048c      0x304 ./Drivers/STM32F1xx_HAL_Driver/Src/stm32f1xx_hal.o
                                      0x7fd2c (size before relaxing)
 .debug_str     0x0000000000080790      0x300 ./Drivers/STM32F1xx_HAL_Driver/Src/stm32f1xx_hal_cortex.o
                                      0x7fd34 (size before relaxing)
 .debug_str     0x0000000000080a90      0x324 ./Drivers/STM32F1xx_HAL_Driver/Src/stm32f1xx_hal_gpio.o
                                      0x7fa99 (size before relaxing)
 .debug_str     0x0000000000080db4      0x24f ./Drivers/STM32F1xx_HAL_Driver/Src/stm32f1xx_hal_rcc.o
                                      0x7fad2 (size before relaxing)
 .debug_str     0x0000000000081003      0xdce ./Drivers/STM32F1xx_HAL_Driver/Src/stm32f1xx_hal_tim.o
                                      0x80aab (size before relaxing)
 .debug_str     0x0000000000081dd1      0x4ee ./Drivers/STM32F1xx_HAL_Driver/Src/stm32f1xx_hal_tim_ex.o
                                      0x8025c (size before relaxing)

.comment        0x0000000000000000       0x53
 .comment       0x0000000000000000       0x53 ./Core/Src/button.o
                                         0x54 (size before relaxing)
 .comment       0x0000000000000053       0x54 ./Core/Src/fsm_automatic.o
 .comment       0x0000000000000053       0x54 ./Core/Src/fsm_manual.o
 .comment       0x0000000000000053       0x54 ./Core/Src/global.o
 .comment       0x0000000000000053       0x54 ./Core/Src/main.o
 .comment       0x0000000000000053       0x54 ./Core/Src/software_timer.o
 .comment       0x0000000000000053       0x54 ./Core/Src/stm32f1xx_hal_msp.o
 .comment       0x0000000000000053       0x54 ./Core/Src/stm32f1xx_it.o
 .comment       0x0000000000000053       0x54 ./Core/Src/system_stm32f1xx.o
 .comment       0x0000000000000053       0x54 ./Drivers/STM32F1xx_HAL_Driver/Src/stm32f1xx_hal.o
 .comment       0x0000000000000053       0x54 ./Drivers/STM32F1xx_HAL_Driver/Src/stm32f1xx_hal_cortex.o
 .comment       0x0000000000000053       0x54 ./Drivers/STM32F1xx_HAL_Driver/Src/stm32f1xx_hal_gpio.o
 .comment       0x0000000000000053       0x54 ./Drivers/STM32F1xx_HAL_Driver/Src/stm32f1xx_hal_rcc.o
 .comment       0x0000000000000053       0x54 ./Drivers/STM32F1xx_HAL_Driver/Src/stm32f1xx_hal_tim.o
 .comment       0x0000000000000053       0x54 ./Drivers/STM32F1xx_HAL_Driver/Src/stm32f1xx_hal_tim_ex.o

.debug_frame    0x0000000000000000     0x27a4
 .debug_frame   0x0000000000000000       0x84 ./Core/Src/button.o
 .debug_frame   0x0000000000000084       0x2c ./Core/Src/fsm_automatic.o
 .debug_frame   0x00000000000000b0       0x4c ./Core/Src/fsm_manual.o
 .debug_frame   0x00000000000000fc       0x80 ./Core/Src/global.o
 .debug_frame   0x000000000000017c       0xd4 ./Core/Src/main.o
 .debug_frame   0x0000000000000250       0x60 ./Core/Src/software_timer.o
 .debug_frame   0x00000000000002b0       0x80 ./Core/Src/stm32f1xx_hal_msp.o
 .debug_frame   0x0000000000000330      0x120 ./Core/Src/stm32f1xx_it.o
 .debug_frame   0x0000000000000450       0x58 ./Core/Src/system_stm32f1xx.o
 .debug_frame   0x00000000000004a8      0x334 ./Drivers/STM32F1xx_HAL_Driver/Src/stm32f1xx_hal.o
 .debug_frame   0x00000000000007dc      0x428 ./Drivers/STM32F1xx_HAL_Driver/Src/stm32f1xx_hal_cortex.o
 .debug_frame   0x0000000000000c04      0x14c ./Drivers/STM32F1xx_HAL_Driver/Src/stm32f1xx_hal_gpio.o
 .debug_frame   0x0000000000000d50      0x218 ./Drivers/STM32F1xx_HAL_Driver/Src/stm32f1xx_hal_rcc.o
 .debug_frame   0x0000000000000f68     0x11b8 ./Drivers/STM32F1xx_HAL_Driver/Src/stm32f1xx_hal_tim.o
 .debug_frame   0x0000000000002120      0x638 ./Drivers/STM32F1xx_HAL_Driver/Src/stm32f1xx_hal_tim_ex.o
 .debug_frame   0x0000000000002758       0x2c c:/st/stm32cubeide_1.7.0/stm32cubeide/plugins/com.st.stm32cube.ide.mcu.externaltools.gnu-tools-for-stm32.9-2020-q2-update.win32_2.0.0.202105311346/tools/bin/../lib/gcc/arm-none-eabi/9.3.1/../../../../arm-none-eabi/lib/thumb/v7-m/nofp\libc_nano.a(lib_a-init.o)
 .debug_frame   0x0000000000002784       0x20 c:/st/stm32cubeide_1.7.0/stm32cubeide/plugins/com.st.stm32cube.ide.mcu.externaltools.gnu-tools-for-stm32.9-2020-q2-update.win32_2.0.0.202105311346/tools/bin/../lib/gcc/arm-none-eabi/9.3.1/../../../../arm-none-eabi/lib/thumb/v7-m/nofp\libc_nano.a(lib_a-memset.o)
